Connecting to udpin:127.0.0.1:14552 ...
Heartbeat received from system 1. Connected.
Could not read ARMING_CHECK param.
Reading live position to use as waypoint origin (NOT using the -l home flag, which does not match actual vessel position in this setup)...
Actual current position: (-33.722768, 150.673983)
Uploading mission: 2 waypoints...
  Sent waypoint 0: (-33.722319, 150.673983)
  Sent waypoint 1: (-33.722319, 150.674523)
Mission upload ACCEPTED.
Mode set to AUTO.
Arm command result: COMMAND_ACK {command : 400, result : 0, progress : 0, result_param2 : 0, target_system : 255, target_component : 0}

Vessel should now navigate the uploaded mission autonomously.
Watch the dashboard, or monitor MISSION_CURRENT / GLOBAL_POSITION_INT to confirm it advances through waypoints with no further input from this script.

Monitoring for 120s (Ctrl+C to stop early)...
[POSITION] lat=-33.722766, lon=150.673984
[MISSION] now navigating to waypoint seq=1
[POSITION] lat=-33.722759, lon=150.673989
[POSITION] lat=-33.722748, lon=150.673996
[POSITION] lat=-33.722734, lon=150.674004
[POSITION] lat=-33.722718, lon=150.674011
[POSITION] lat=-33.722702, lon=150.674016
[POSITION] lat=-33.722685, lon=150.674021
[POSITION] lat=-33.722668, lon=150.674027
[POSITION] lat=-33.722652, lon=150.674038
[POSITION] lat=-33.722639, lon=150.674054
[POSITION] lat=-33.722630, lon=150.674074
[POSITION] lat=-33.722627, lon=150.674094
[POSITION] lat=-33.722628, lon=150.674113
[POSITION] lat=-33.722631, lon=150.674128
[POSITION] lat=-33.722636, lon=150.674142
[POSITION] lat=-33.722640, lon=150.674154
[POSITION] lat=-33.722642, lon=150.674166
[POSITION] lat=-33.722640, lon=150.674181
[POSITION] lat=-33.722629, lon=150.674195
[POSITION] lat=-33.722611, lon=150.674201
[POSITION] lat=-33.722592, lon=150.674195
[POSITION] lat=-33.722577, lon=150.674181
[POSITION] lat=-33.722565, lon=150.674163
[POSITION] lat=-33.722556, lon=150.674143
[POSITION] lat=-33.722549, lon=150.674124
[POSITION] lat=-33.722542, lon=150.674104
[POSITION] lat=-33.722532, lon=150.674085
[POSITION] lat=-33.722518, lon=150.674070
[POSITION] lat=-33.722499, lon=150.674065
[POSITION] lat=-33.722481, lon=150.674072
[POSITION] lat=-33.722470, lon=150.674091
[POSITION] lat=-33.722466, lon=150.674112
[POSITION] lat=-33.722469, lon=150.674131
[POSITION] lat=-33.722476, lon=150.674148
[POSITION] lat=-33.722485, lon=150.674160
[POSITION] lat=-33.722494, lon=150.674170
[POSITION] lat=-33.722502, lon=150.674178
[POSITION] lat=-33.722509, lon=150.674188
[POSITION] lat=-33.722514, lon=150.674205
[POSITION] lat=-33.722510, lon=150.674225
[POSITION] lat=-33.722499, lon=150.674241
[POSITION] lat=-33.722481, lon=150.674251
[POSITION] lat=-33.722462, lon=150.674253
[POSITION] lat=-33.722443, lon=150.674251
[POSITION] lat=-33.722424, lon=150.674247
[POSITION] lat=-33.722406, lon=150.674244
[POSITION] lat=-33.722387, lon=150.674246
[POSITION] lat=-33.722370, lon=150.674257
[POSITION] lat=-33.722360, lon=150.674277
[POSITION] lat=-33.722357, lon=150.674299
[POSITION] lat=-33.722360, lon=150.674319
[POSITION] lat=-33.722367, lon=150.674335
[POSITION] lat=-33.722376, lon=150.674347
[POSITION] lat=-33.722385, lon=150.674357
[POSITION] lat=-33.722393, lon=150.674366
[POSITION] lat=-33.722399, lon=150.674375
[POSITION] lat=-33.722402, lon=150.674390
[POSITION] lat=-33.722395, lon=150.674409
[POSITION] lat=-33.722381, lon=150.674422
[POSITION] lat=-33.722361, lon=150.674426
[POSITION] lat=-33.722342, lon=150.674420
[POSITION] lat=-33.722326, lon=150.674409
[POSITION] lat=-33.722311, lon=150.674395
[POSITION] lat=-33.722297, lon=150.674381
[POSITION] lat=-33.722282, lon=150.674368
[POSITION] lat=-33.722264, lon=150.674360
[POSITION] lat=-33.722244, lon=150.674361
[POSITION] lat=-33.722229, lon=150.674375
[POSITION] lat=-33.722221, lon=150.674396
[POSITION] lat=-33.722222, lon=150.674419
[POSITION] lat=-33.722231, lon=150.674440
[POSITION] lat=-33.722244, lon=150.674454
[POSITION] lat=-33.722256, lon=150.674462
[POSITION] lat=-33.722264, lon=150.674463
[POSITION] lat=-33.722269, lon=150.674467
[POSITION] lat=-33.722272, lon=150.674470
[POSITION] lat=-33.722274, lon=150.674472
[POSITION] lat=-33.722276, lon=150.674473
[POSITION] lat=-33.722277, lon=150.674473
[POSITION] lat=-33.722277, lon=150.674474
[POSITION] lat=-33.722278, lon=150.674474
[POSITION] lat=-33.722278, lon=150.674474
[POSITION] lat=-33.722278, lon=150.674474
[POSITION] lat=-33.722278, lon=150.674474
[POSITION] lat=-33.722278, lon=150.674474
[POSITION] lat=-33.722278, lon=150.674474
[POSITION] lat=-33.722278, lon=150.674474
[POSITION] lat=-33.722278, lon=150.674474
[POSITION] lat=-33.722278, lon=150.674474
[POSITION] lat=-33.722278, lon=150.674474
[POSITION] lat=-33.722279, lon=150.674474
[POSITION] lat=-33.722279, lon=150.674474
[POSITION] lat=-33.722279, lon=150.674474
[POSITION] lat=-33.722279, lon=150.674474
[POSITION] lat=-33.722279, lon=150.674474
[POSITION] lat=-33.722279, lon=150.674474
[POSITION] lat=-33.722279, lon=150.674474
[POSITION] lat=-33.722279, lon=150.674474
[POSITION] lat=-33.722279, lon=150.674474
[POSITION] lat=-33.722279, lon=150.674474
[POSITION] lat=-33.722279, lon=150.674474
[POSITION] lat=-33.722279, lon=150.674474
[POSITION] lat=-33.722279, lon=150.674474
[POSITION] lat=-33.722279, lon=150.674474
[POSITION] lat=-33.722279, lon=150.674474
[POSITION] lat=-33.722279, lon=150.674474
[POSITION] lat=-33.722279, lon=150.674474
[POSITION] lat=-33.722279, lon=150.674474
[POSITION] lat=-33.722279, lon=150.674474
[POSITION] lat=-33.722279, lon=150.674474
[POSITION] lat=-33.722279, lon=150.674474
[POSITION] lat=-33.722279, lon=150.674474
